

HI-TECH Software 8051 Macro Assembler V9.60                                Page 1
                                                       Mon May 05 18:46:04 2025

     1                           	psect	idata,class=DATA,space=1,limit=080h
     2                           	psect	irdata,class=DATA,limit=080h
     3                           	global	_main
     4                           	signat	_main,88
     5                           	global	stack_internal
     6                           	psect	text,class=CODE
     7                           	psect	text
     8                           	file	"C:\Users\User\Desktop\pr3\project1\main.c
                                 "
     9                           	line	2
    10  00112                     _main:
    11  00112  02 0308            	j	f1411
    12  00115                     f1410:
    13                           ;main.c: 2: void main() {
    14                           
    15                           ;	var   _i assigned to ?a_main+0
    16                           ;	var   _j assigned to ?a_main+2
    17                           ;	var   _k assigned to ?a_main+4
    18                           ;	var   _jj assigned to ?a_main+6
    19                           ;	var   _pos assigned to ?a_main+8
    20                           ;main.c: 3: unsigned int i,j,k,jj;
    21                           
    22                           ;main.c: 4: unsigned int pos = 0;
    23                           
    24                           	line	4
    25  00115  E4                 	clr	a
    26  00116  F5 28              	mov	?a_main+8,a
    27  00118  F5 29              	mov	?a_main+8+1,a
    28                           	psect	data,class=CODE
    29                           	psect	data
    30  00100                     F161:
    31  00100  B8                 	db	(184)
    32  00101  A5                 	db	(165)
    33  00102  A1                 	db	(161)
    34  00103  BC                 	db	(188)
    35  00104  AB                 	db	(171)
    36  00105  A9                 	db	(169)
    37  00106  AE                 	db	(174)
    38  00107  00                 	db	(0)
    39                           ;	var   _str1 assigned to ?a_main+10
    40                           ;main.c: 5: unsigned char str1[] = {0xB8, 0xA5, 
                                 0xA1, 0xBC, 0xAB, 0xA9, 0xAE, 0x00};
    41                           
    42                           	psect	text
    43                           	line	5
    44  0011A  78 01              	mov	r0,#high (F161)
    45  0011C  79 00              	mov	r1,#low (F161)
    46  0011E  7A 00              	mov	r2,#high (?a_main+10)
    47  00120  7B 2A              	mov	r3,#low (?a_main+10)
    48  00122  7D 08              	mov	r5,#low 8
    49  00124  7C 00              	mov	r4,#high 8
    50                           	global	str_copy
    51  00126  12 0019            	lcall	str_copy
    52                           	psect	data
    53  00108                     F165:
    54  00108  B3                 	db	(179)
    55  00109  A9                 	db	(169)
    56  0010A  AD                 	db	(173)
    57  0010B  AF                 	db	(175)
    58  0010C  B5                 	db	(181)
    59  0010D  A4                 	db	(164)
    60  0010E  AA                 	db	(170)
    61  0010F  00                 	db	(0)
    62                           ;	var   _str2 assigned to ?a_main+18
    63                           ;main.c: 6: unsigned char str2[] = {0xB3, 0xA9, 
                                 0xAD, 0xAF, 0xB5, 0xA4, 0xAA, 0x00};
    64                           
    65                           	psect	text
    66                           	line	6
    67  00129  78 01              	mov	r0,#high (F165)
    68  0012B  79 08              	mov	r1,#low (F165)
    69  0012D  7A 00              	mov	r2,#high (?a_main+18)
    70  0012F  7B 32              	mov	r3,#low (?a_main+18)
    71  00131  7D 08              	mov	r5,#low 8
    72  00133  7C 00              	mov	r4,#high 8
    73                           	global	str_copy
    74  00135  12 0019            	lcall	str_copy
    75                           ;	var   _len1 assigned to ?a_main+26
    76                           ;main.c: 7: unsigned char len1 = 0, len2 = 0;
    77                           
    78                           	line	7
    79  00138  75 3A  00          	mov	?a_main+26,#0
    80                           ;	var   _len2 assigned to ?a_main+27
    81  0013B  75 3B  00          	mov	?a_main+27,#0
    82                           ;main.c: 8: while (str1[len1] != '\0') len1++;
    83                           
    84                           	line	8
    85  0013E  80 02              	jmp	l5
    86  00140                     l6:
    87  00140  05 3A              	inc	?a_main+26
    88  00142                     l5:
    89  00142  74 2A              	mov	a,#?a_main+10
    90  00144  A9 3A              	mov	r1,?a_main+26
    91  00146  78 00              	mov	r0,#0
    92  00148  29                 	add	a,r1
    93  00149  F9                 	mov	r1,a
    94  0014A  E7                 	mov	a,@r1
    95  0014B  70 F3              	bnz	l6
    96  0014D                     l7:
    97                           ;main.c: 9: while (str2[len2] != '\0') len2++;
    98                           
    99                           	line	9
   100  0014D  80 02              	jmp	l8
   101  0014F                     l9:
   102  0014F  05 3B              	inc	?a_main+27
   103  00151                     l8:
   104  00151  74 32              	mov	a,#?a_main+18
   105  00153  A9 3B              	mov	r1,?a_main+27
   106  00155  78 00              	mov	r0,#0
   107  00157  29                 	add	a,r1
   108  00158  F9                 	mov	r1,a
   109  00159  E7                 	mov	a,@r1
   110  0015A  70 F3              	bnz	l9
   111  0015C                     l10:
   112                           ;main.c: 10: P0 = 0xC;
   113                           
   114                           	line	10
   115  0015C  75 80 0C           	mov	080h,#12
   116                           ;main.c: 11: P2 = 0x1;
   117                           
   118                           	line	11
   119  0015F  75 A0 01           	mov	0A0h,#1
   120                           ;main.c: 12: P2 = 0x0;
   121                           
   122                           	line	12
   123  00162  75 A0 00           	mov	0A0h,#0
   124                           ;main.c: 13: P0 = 0x38;
   125                           
   126                           	line	13
   127  00165  75 80 38           	mov	080h,#56
   128                           ;main.c: 14: P2 = 0x1;
   129                           
   130                           	line	14
   131  00168  75 A0 01           	mov	0A0h,#1
   132                           ;main.c: 15: P2 = 0x0;
   133                           
   134                           	line	15
   135  0016B  75 A0 00           	mov	0A0h,#0
   136                           ;main.c: 16: pos = 0x80 + 10-len1/2;
   137                           
   138                           	line	16
   139  0016E  E5 3A              	mov	a,?a_main+26
   140  00170  C3                 		clr	c
   141  00171  13                 	rrc	a
   142                           
   143  00172  F9                 	mov	r1,a
   144  00173  78 00              	mov	r0,#0
   145  00175  74 8A              	mov	a,#08Ah
   146  00177  C3                 	clr	c
   147  00178  99                 	subb	a,r1
   148  00179  F5 29              	mov	?a_main+8+1,a
   149  0017B  74 00              	mov	a,#0
   150  0017D  98                 	subb	a,r0
   151  0017E  F5 28              	mov	?a_main+8,a
   152                           ;main.c: 17: P0 = pos;
   153                           
   154                           	line	17
   155  00180  85 29  80          	mov	080h,?a_main+8+1
   156                           ;main.c: 18: P2 = 0x1;
   157                           
   158                           	line	18
   159  00183  75 A0 01           	mov	0A0h,#1
   160                           ;main.c: 19: P2 = 0x0;
   161                           
   162                           	line	19
   163  00186  75 A0 00           	mov	0A0h,#0
   164                           ;main.c: 20: for (i = 0; i<len1; i++) {
   165                           
   166                           	line	20
   167  00189  E4                 	clr	a
   168  0018A  F5 20              	mov	?a_main+0,a
   169  0018C  F5 21              	mov	?a_main+0+1,a
   170  0018E  80 15              	jmp	l14
   171  00190                     l11:
   172                           ;main.c: 21: P0 = str1[i];
   173                           
   174                           	line	21
   175  00190  74 2A              	mov	a,#?a_main+10
   176  00192  25 21              	add	a,?a_main+0+1
   177  00194  F9                 	mov	r1,a
   178  00195  87 80              	mov	080h,@r1
   179                           ;main.c: 22: P2 = 0x3;
   180                           
   181                           	line	22
   182  00197  75 A0 03           	mov	0A0h,#3
   183                           ;main.c: 23: P2 = 0x2;
   184                           
   185                           	line	23
   186  0019A  75 A0 02           	mov	0A0h,#2
   187                           	line	20
   188  0019D  05 21              	inc	?a_main+0+1
   189  0019F  E5 21              	mov	a,?a_main+0+1
   190  001A1  70 02              	jnz	u10
   191  001A3  05 20              	inc	?a_main+0
   192  001A5                     u10:
   193  001A5                     l14:
   194  001A5  A9 3A              	mov	r1,?a_main+26
   195  001A7  78 00              	mov	r0,#0
   196  001A9  E8                 	mov	a,r0
   197  001AA  B5 20  06          	cbne	a,?a_main+0,u22
   198  001AD  E9                 	mov	a,r1
   199  001AE  B5 21  02          	cbne	a,?a_main+0+1,u22
   200  001B1  80 06              	jmp	u20
   201  001B3                     u22:
   202  001B3  50 02              	bnc	u21
   203  001B5  80 02              	jmp	u20
   204  001B7                     u21:
   205  001B7  80 D7              	jmp	l11
   206  001B9                     u20:
   207  001B9                     l12:
   208                           ;main.c: 24: }
   209                           
   210                           ;main.c: 25: while(1) {
   211                           
   212                           	line	25
   213  001B9                     l16:
   214                           ;main.c: 26: j = 0;
   215                           
   216                           	line	26
   217  001B9  E4                 	clr	a
   218  001BA  F5 22              	mov	?a_main+2,a
   219  001BC  F5 23              	mov	?a_main+2+1,a
   220                           ;main.c: 27: while (j + len2 < 21) {
   221                           
   222                           	line	27
   223  001BE  02 024B            	jmp	l18
   224  001C1                     l19:
   225                           ;main.c: 28: P0 = 0xC0;
   226                           
   227                           	line	28
   228  001C1  75 80 C0           	mov	080h,#192
   229                           ;main.c: 29: P2 = 0x1;
   230                           
   231                           	line	29
   232  001C4  75 A0 01           	mov	0A0h,#1
   233                           ;main.c: 30: P2 = 0x0;
   234                           
   235                           	line	30
   236  001C7  75 A0 00           	mov	0A0h,#0
   237                           ;main.c: 31: for (jj = 0; jj<j; jj++) {
   238                           
   239                           	line	31
   240  001CA  E4                 	clr	a
   241  001CB  F5 26              	mov	?a_main+6,a
   242  001CD  F5 27              	mov	?a_main+6+1,a
   243  001CF  80 12              	jmp	l24
   244  001D1                     l21:
   245                           ;main.c: 32: P0 = " ";
   246                           
   247                           	line	32
   248  001D1  74 10              	mov	a,#low(0+u19)
   249  001D3  F5 80              	mov	080h,a
   250                           ;main.c: 33: P2 = 0x3;
   251                           
   252                           	line	33
   253  001D5  75 A0 03           	mov	0A0h,#3
   254                           ;main.c: 34: P2 = 0x2;
   255                           
   256                           	line	34
   257  001D8  75 A0 02           	mov	0A0h,#2
   258                           	line	31
   259  001DB  05 27              	inc	?a_main+6+1
   260  001DD  E5 27              	mov	a,?a_main+6+1
   261  001DF  70 02              	jnz	u30
   262  001E1  05 26              	inc	?a_main+6
   263  001E3                     u30:
   264  001E3                     l24:
   265  001E3  E5 22              	mov	a,?a_main+2
   266  001E5  B5 26  07          	cbne	a,?a_main+6,u42
   267  001E8  E5 23              	mov	a,?a_main+2+1
   268  001EA  B5 27  02          	cbne	a,?a_main+6+1,u42
   269  001ED  80 06              	jmp	u40
   270  001EF                     u42:
   271  001EF  50 02              	bnc	u41
   272  001F1  80 02              	jmp	u40
   273  001F3                     u41:
   274  001F3  80 DC              	jmp	l21
   275  001F5                     u40:
   276  001F5                     l22:
   277                           ;main.c: 35: }
   278                           
   279                           ;main.c: 36: for (i = 0; i < len2; i++) {
   280                           
   281                           	line	36
   282  001F5  E4                 	clr	a
   283  001F6  F5 20              	mov	?a_main+0,a
   284  001F8  F5 21              	mov	?a_main+0+1,a
   285  001FA  80 2F              	jmp	l28
   286  001FC                     l25:
   287                           ;main.c: 37: if (i == 5) {
   288                           
   289                           	line	37
   290  001FC  E5 21              	mov	a,?a_main+0+1
   291  001FE  B4 05 07           	cbne	a,#low (5),u51
   292  00201  E5 20              	mov	a,?a_main+0
   293  00203  B4 00 02           	cbne	a,#high (5),u51
   294  00206  80 02              	jmp	u50
   295  00208                     u51:
   296  00208  80 0C              	jmp	l29
   297  0020A                     u50:
   298                           ;main.c: 38: P0 = str1[1];
   299                           
   300                           	line	38
   301  0020A  79 2B              	mov	r1,#?a_main+10+01h
   302  0020C  87 80              	mov	080h,@r1
   303                           ;main.c: 39: P2 = 0x3;
   304                           
   305                           	line	39
   306  0020E  75 A0 03           	mov	0A0h,#3
   307                           ;main.c: 40: P2 = 0x2;
   308                           
   309                           	line	40
   310  00211  75 A0 02           	mov	0A0h,#2
   311                           ;main.c: 41: }
   312                           
   313                           	line	41
   314  00214  80 0D              	jmp	l30
   315                           	line	42
   316  00216                     l29:
   317                           ;main.c: 42: else {
   318                           
   319                           ;main.c: 43: P0 = str2[i];
   320                           
   321                           	line	43
   322  00216  74 32              	mov	a,#?a_main+18
   323  00218  25 21              	add	a,?a_main+0+1
   324  0021A  F9                 	mov	r1,a
   325  0021B  87 80              	mov	080h,@r1
   326                           ;main.c: 44: P2 = 0x3;
   327                           
   328                           	line	44
   329  0021D  75 A0 03           	mov	0A0h,#3
   330                           ;main.c: 45: P2 = 0x2;
   331                           
   332                           	line	45
   333  00220  75 A0 02           	mov	0A0h,#2
   334                           	line	46
   335  00223                     l30:
   336                           	line	36
   337  00223  05 21              	inc	?a_main+0+1
   338  00225  E5 21              	mov	a,?a_main+0+1
   339  00227  70 02              	jnz	u60
   340  00229  05 20              	inc	?a_main+0
   341  0022B                     u60:
   342  0022B                     l28:
   343  0022B  A9 3B              	mov	r1,?a_main+27
   344  0022D  78 00              	mov	r0,#0
   345  0022F  E8                 	mov	a,r0
   346  00230  B5 20  06          	cbne	a,?a_main+0,u72
   347  00233  E9                 	mov	a,r1
   348  00234  B5 21  02          	cbne	a,?a_main+0+1,u72
   349  00237  80 06              	jmp	u70
   350  00239                     u72:
   351  00239  50 02              	bnc	u71
   352  0023B  80 02              	jmp	u70
   353  0023D                     u71:
   354  0023D  80 BD              	jmp	l25
   355  0023F                     u70:
   356  0023F                     l26:
   357                           ;main.c: 46: }
   358                           
   359                           ;main.c: 47: }
   360                           
   361                           ;main.c: 48: j += 2;
   362                           
   363                           	line	48
   364  0023F  E5 23              	mov	a,?a_main+2+1
   365  00241  24 02              	add	a,#02h
   366  00243  F5 23              	mov	?a_main+2+1,a
   367  00245  E5 22              	mov	a,?a_main+2
   368  00247  34 00              	addc	a,#0
   369  00249  F5 22              	mov	?a_main+2,a
   370                           	line	49
   371  0024B                     l18:
   372                           	line	27
   373  0024B  E5 3B              	mov	a,?a_main+27
   374  0024D  25 23              	add	a,?a_main+2+1
   375  0024F  FD                 	mov	r5,a
   376  00250  E4                 	clr	a
   377  00251  35 22              	addc	a,?a_main+2
   378  00253  FC                 	mov	r4,a
   379  00254  ED                 	mov	a,r5
   380  00255  24 EB              	add	a,#low -(21)
   381  00257  EC                 	mov	a,r4
   382  00258  34 FF              	addc	a,#high -(21)
   383  0025A  50 02              	bnc	u81
   384  0025C  80 03              	jmp	u80
   385  0025E                     u81:
   386  0025E  02 01C1            	jmp	l19
   387  00261                     u80:
   388  00261                     l20:
   389                           ;main.c: 49: }
   390                           
   391                           ;main.c: 50: while (j <= 20) {
   392                           
   393                           	line	50
   394  00261  02 02F5            	jmp	l31
   395  00264                     l32:
   396                           ;main.c: 51: P0 = 0xC0;
   397                           
   398                           	line	51
   399  00264  75 80 C0           	mov	080h,#192
   400                           ;main.c: 52: P2 = 0x1;
   401                           
   402                           	line	52
   403  00267  75 A0 01           	mov	0A0h,#1
   404                           ;main.c: 53: P2 = 0x0;
   405                           
   406                           	line	53
   407  0026A  75 A0 00           	mov	0A0h,#0
   408                           ;main.c: 54: for (jj = 0; jj<j; jj++) {
   409                           
   410                           	line	54
   411  0026D  E4                 	clr	a
   412  0026E  F5 26              	mov	?a_main+6,a
   413  00270  F5 27              	mov	?a_main+6+1,a
   414  00272  80 12              	jmp	l37
   415  00274                     l34:
   416                           ;main.c: 55: P0 = " ";
   417                           
   418                           	line	55
   419  00274  74 10              	mov	a,#low(0+u29)
   420  00276  F5 80              	mov	080h,a
   421                           ;main.c: 56: P2 = 0x3;
   422                           
   423                           	line	56
   424  00278  75 A0 03           	mov	0A0h,#3
   425                           ;main.c: 57: P2 = 0x2;
   426                           
   427                           	line	57
   428  0027B  75 A0 02           	mov	0A0h,#2
   429                           	line	54
   430  0027E  05 27              	inc	?a_main+6+1
   431  00280  E5 27              	mov	a,?a_main+6+1
   432  00282  70 02              	jnz	u90
   433  00284  05 26              	inc	?a_main+6
   434  00286                     u90:
   435  00286                     l37:
   436  00286  E5 22              	mov	a,?a_main+2
   437  00288  B5 26  07          	cbne	a,?a_main+6,u102
   438  0028B  E5 23              	mov	a,?a_main+2+1
   439  0028D  B5 27  02          	cbne	a,?a_main+6+1,u102
   440  00290  80 06              	jmp	u100
   441  00292                     u102:
   442  00292  50 02              	bnc	u101
   443  00294  80 02              	jmp	u100
   444  00296                     u101:
   445  00296  80 DC              	jmp	l34
   446  00298                     u100:
   447  00298                     l35:
   448                           ;main.c: 58: }
   449                           
   450                           ;main.c: 59: for (i = 0; i < 20 - j; i++) {
   451                           
   452                           	line	59
   453  00298  E4                 	clr	a
   454  00299  F5 20              	mov	?a_main+0,a
   455  0029B  F5 21              	mov	?a_main+0+1,a
   456  0029D  80 2F              	jmp	l41
   457  0029F                     l38:
   458                           ;main.c: 60: if (i == 5) {
   459                           
   460                           	line	60
   461  0029F  E5 21              	mov	a,?a_main+0+1
   462  002A1  B4 05 07           	cbne	a,#low (5),u111
   463  002A4  E5 20              	mov	a,?a_main+0
   464  002A6  B4 00 02           	cbne	a,#high (5),u111
   465  002A9  80 02              	jmp	u110
   466  002AB                     u111:
   467  002AB  80 0C              	jmp	l42
   468  002AD                     u110:
   469                           ;main.c: 61: P0 = str1[1];
   470                           
   471                           	line	61
   472  002AD  79 2B              	mov	r1,#?a_main+10+01h
   473  002AF  87 80              	mov	080h,@r1
   474                           ;main.c: 62: P2 = 0x3;
   475                           
   476                           	line	62
   477  002B1  75 A0 03           	mov	0A0h,#3
   478                           ;main.c: 63: P2 = 0x2;
   479                           
   480                           	line	63
   481  002B4  75 A0 02           	mov	0A0h,#2
   482                           ;main.c: 64: }
   483                           
   484                           	line	64
   485  002B7  80 0D              	jmp	l43
   486                           	line	65
   487  002B9                     l42:
   488                           ;main.c: 65: else {
   489                           
   490                           ;main.c: 66: P0 = str2[i];
   491                           
   492                           	line	66
   493  002B9  74 32              	mov	a,#?a_main+18
   494  002BB  25 21              	add	a,?a_main+0+1
   495  002BD  F9                 	mov	r1,a
   496  002BE  87 80              	mov	080h,@r1
   497                           ;main.c: 67: P2 = 0x3;
   498                           
   499                           	line	67
   500  002C0  75 A0 03           	mov	0A0h,#3
   501                           ;main.c: 68: P2 = 0x2;
   502                           
   503                           	line	68
   504  002C3  75 A0 02           	mov	0A0h,#2
   505                           	line	69
   506  002C6                     l43:
   507                           	line	59
   508  002C6  05 21              	inc	?a_main+0+1
   509  002C8  E5 21              	mov	a,?a_main+0+1
   510  002CA  70 02              	jnz	u120
   511  002CC  05 20              	inc	?a_main+0
   512  002CE                     u120:
   513  002CE                     l41:
   514  002CE  74 14              	mov	a,#014h
   515  002D0  C3                 	clr	c
   516  002D1  95 23              	subb	a,?a_main+2+1
   517  002D3  FD                 	mov	r5,a
   518  002D4  74 00              	mov	a,#0
   519  002D6  95 22              	subb	a,?a_main+2
   520  002D8  FC                 	mov	r4,a
   521  002D9  EC                 	mov	a,r4
   522  002DA  B5 20  06          	cbne	a,?a_main+0,u132
   523  002DD  ED                 	mov	a,r5
   524  002DE  B5 21  02          	cbne	a,?a_main+0+1,u132
   525  002E1  80 06              	jmp	u130
   526  002E3                     u132:
   527  002E3  50 02              	bnc	u131
   528  002E5  80 02              	jmp	u130
   529  002E7                     u131:
   530  002E7  80 B6              	jmp	l38
   531  002E9                     u130:
   532  002E9                     l39:
   533                           ;main.c: 69: }
   534                           
   535                           ;main.c: 70: }
   536                           
   537                           ;main.c: 71: j += 2;
   538                           
   539                           	line	71
   540  002E9  E5 23              	mov	a,?a_main+2+1
   541  002EB  24 02              	add	a,#02h
   542  002ED  F5 23              	mov	?a_main+2+1,a
   543  002EF  E5 22              	mov	a,?a_main+2
   544  002F1  34 00              	addc	a,#0
   545  002F3  F5 22              	mov	?a_main+2,a
   546                           	line	72
   547  002F5                     l31:
   548                           	line	50
   549  002F5  E5 23              	mov	a,?a_main+2+1
   550  002F7  24 EB              	add	a,#low -(21)
   551  002F9  E5 22              	mov	a,?a_main+2
   552  002FB  34 FF              	addc	a,#high -(21)
   553  002FD  50 02              	bnc	u141
   554+ 002FF  80 03              	jmp	u140
   555+ 00301                     u141:
   556  00301  02 0264            	jmp	l32
   557  00304                     u140:
   558  00304                     l33:
   559                           	line	73
   560  00304                     l15:
   561                           	line	25
   562  00304  02 01B9            	jmp	l16
   563  00307                     l17:
   564                           ;main.c: 72: }
   565                           
   566                           ;main.c: 73: }
   567                           
   568                           ;main.c: 74: }
   569                           
   570                           	line	74
   571  00307                     l4:
   572  00307  22                 	ret
   573  00308                     f1411:
   574  00308  02 0115            	j	f1410
   575                           	FNSIZE	_main,28,0
   576                           	global	?a_main
   577  0000                     f1412	equ	0
   578                           	psect	strings,class=CODE
   579                           	psect	strings
   580  00110                     u29:
   581  00110                     u19:
   582  00110  20 00              	db	32,0
   583  0000                     _A10	equ	162
   584  0000                     _A11	equ	163
   585  0000                     _A12	equ	164
   586  0000                     _A13	equ	165
   587  0000                     _A14	equ	166
   588  0000                     _A15	equ	167
   589  0000                     _A8	equ	160
   590  0000                     _A9	equ	161
   591  0000                     _AC	equ	214
   592  0000                     _ACC0	equ	224
   593  0000                     _ACC1	equ	225
   594  0000                     _ACC2	equ	226
   595  0000                     _ACC3	equ	227
   596  0000                     _ACC4	equ	228
   597  0000                     _ACC5	equ	229
   598  0000                     _ACC6	equ	230
   599  0000                     _ACC7	equ	231
   600  0000                     _AD0	equ	128
   601  0000                     _AD1	equ	129
   602  0000                     _AD2	equ	130
   603  0000                     _AD3	equ	131
   604  0000                     _AD4	equ	132
   605  0000                     _AD5	equ	133
   606  0000                     _AD6	equ	134
   607  0000                     _AD7	equ	135
   608  0000                     _B0	equ	240
   609  0000                     _B1	equ	241
   610  0000                     _B2	equ	242
   611  0000                     _B3	equ	243
   612  0000                     _B4	equ	244
   613  0000                     _B5	equ	245
   614  0000                     _B6	equ	246
   615  0000                     _B7	equ	247
   616  0000                     _CY	equ	215
   617  0000                     _EA	equ	175
   618  0000                     _ES	equ	172
   619  0000                     _ET0	equ	169
   620  0000                     _ET1	equ	171
   621  0000                     _EX0	equ	168
   622  0000                     _EX1	equ	170
   623  0000                     _F0	equ	213
   624  0000                     _IE0	equ	137
   625  0000                     _IE1	equ	139
   626  0000                     _INT0	equ	178
   627  0000                     _INT1	equ	179
   628  0000                     _IT0	equ	136
   629  0000                     _IT1	equ	138
   630  0000                     _OV	equ	210
   631  0000                     _P	equ	208
   632  0000                     _P00	equ	128
   633  0000                     _P01	equ	129
   634  0000                     _P02	equ	130
   635  0000                     _P03	equ	131
   636  0000                     _P04	equ	132
   637  0000                     _P05	equ	133
   638  0000                     _P06	equ	134
   639  0000                     _P07	equ	135
   640  0000                     _P10	equ	144
   641  0000                     _P11	equ	145
   642  0000                     _P12	equ	146
   643  0000                     _P13	equ	147
   644  0000                     _P14	equ	148
   645  0000                     _P15	equ	149
   646  0000                     _P16	equ	150
   647  0000                     _P17	equ	151
   648  0000                     _P20	equ	160
   649  0000                     _P21	equ	161
   650  0000                     _P22	equ	162
   651  0000                     _P23	equ	163
   652  0000                     _P24	equ	164
   653  0000                     _P25	equ	165
   654  0000                     _P26	equ	166
   655  0000                     _P27	equ	167
   656  0000                     _P30	equ	176
   657  0000                     _P31	equ	177
   658  0000                     _P32	equ	178
   659  0000                     _P33	equ	179
   660  0000                     _P34	equ	180
   661  0000                     _P35	equ	181
   662  0000                     _P36	equ	182
   663  0000                     _P37	equ	183
   664  0000                     _PS	equ	188
   665  0000                     _PT0	equ	185
   666  0000                     _PT1	equ	187
   667  0000                     _PX0	equ	184
   668  0000                     _PX1	equ	186
   669  0000                     _RB8	equ	154
   670  0000                     _RD	equ	183
   671  0000                     _REN	equ	156
   672  0000                     _RI	equ	152
   673  0000                     _RS0	equ	211
   674  0000                     _RS1	equ	212
   675  0000                     _RXD	equ	176
   676  0000                     _SM0	equ	159
   677  0000                     _SM1	equ	158
   678  0000                     _SM2	equ	157
   679  0000                     _T0	equ	180
   680  0000                     _T1	equ	181
   681  0000                     _TB8	equ	155
   682  0000                     _TF0	equ	141
   683  0000                     _TF1	equ	143
   684  0000                     _TI	equ	153
   685  0000                     _TR0	equ	140
   686  0000                     _TR1	equ	142
   687  0000                     _TXD	equ	177
   688  0000                     _WR	equ	182
   689  0000                     _ACC	equ	224
   690  0000                     _B	equ	240
   691  0000                     _DPH	equ	131
   692  0000                     _DPL	equ	130
   693  0000                     _IE	equ	168
   694  0000                     _IP	equ	184
   695  0000                     _P0	equ	128
   696  0000                     _P1	equ	144
   697  0000                     _P2	equ	160
   698  0000                     _P3	equ	176
   699  0000                     _PCON	equ	135
   700  0000                     _PSW	equ	208
   701  0000                     _SBUF	equ	153
   702  0000                     _SCON	equ	152
   703  0000                     _SP	equ	129
   704  0000                     _TCON	equ	136
   705  0000                     _TH0	equ	140
   706  0000                     _TH1	equ	141
   707  0000                     _TL0	equ	138
   708  0000                     _TL1	equ	139
   709  0000                     _TMOD	equ	137
   710  0000                     _ACC_BITS	equ	224
   711  0000                     _B_BITS	equ	240
   712  0000                     _IE_BITS	equ	168
   713  0000                     _IP_BITS	equ	184
   714  0000                     _P0_BITS	equ	128
   715  0000                     _P1_BITS	equ	144
   716  0000                     _P2_BITS	equ	160
   717  0000                     _P3_BITS	equ	176
   718  0000                     _PCON_BITS	equ	135
   719  0000                     _PSW_BITS	equ	208
   720  0000                     _SCON_BITS	equ	152
   721  0000                     _TCON_BITS	equ	136
   722  0000                     _TMOD_BITS	equ	137


HI-TECH Software 8051 Macro Assembler V9.60                                Page 2
Symbol Table                                           Mon May 05 18:46:04 2025

       ?a_main 00020              _B 000F0              l4 00307  
            l5 00142              _P 000D0              l6 00140  
            l7 0014D              l8 00151              l9 0014F  
           _B0 000F0             _B1 000F1             _B2 000F2  
           _B3 000F3             _B4 000F4             _B5 000F5  
           _B6 000F6             _A8 000A0             _B7 000F7  
           _A9 000A1             _F0 000D5             _AC 000D6  
           l10 0015C             l11 00190             l20 00261  
           l12 001B9             l21 001D1             l30 00223  
           l22 001F5             l14 001A5             _EA 000AF  
           l15 00304             l31 002F5             l32 00264  
           l24 001E3             l16 001B9             l17 00307  
           l33 00304             l41 002CE             l25 001FC  
           l42 002B9             l34 00274             l26 0023F  
           l18 0024B             l43 002C6             l35 00298  
           l19 001C1             _P0 00080             l28 0022B  
           _P1 00090             l37 00286             l29 00216  
           _P2 000A0             l38 0029F             _P3 000B0  
           l39 002E9             _IE 000A8             _T0 000B4  
           _T1 000B5             _ES 000AC             _CY 000D7  
           _IP 000B8             _RD 000B7             u10 001A5  
           u20 001B9             _RI 00098             u21 001B7  
           u30 001E3             u22 001B3             u40 001F5  
           _TI 00099             u41 001F3             u50 0020A  
           u42 001EF             _PS 000BC             u51 00208  
           u19 00110             _OV 000D2             u60 0022B  
           u29 00110             _SP 00081             u70 0023F  
           u71 0023D             u80 00261             u72 00239  
           u81 0025E             u90 00286             _WR 000B6  
       _B_BITS 000F0            F161 00100            F165 00108  
          _A10 000A2            _A11 000A3            _A12 000A4  
          _A13 000A5            _A14 000A6            _A15 000A7  
          _AD0 00080            _AD1 00081            _AD2 00082  
          _AD3 00083            _AD4 00084            _AD5 00085  
          _AD6 00086            _AD7 00087            _ACC 000E0  
          _P00 00080            _P01 00081            _P10 00090  
          _P02 00082            _P11 00091            _P03 00083  
          _P20 000A0            _P12 00092            _P04 00084  
          _P21 000A1            _P13 00093            _P05 00085  
          _P30 000B0            _P22 000A2            _P14 00094  
          _P06 00086            _P31 000B1            _P23 000A3  
          _P15 00095            _P07 00087            _P32 000B2  
          _P24 000A4            _P16 00096            _P33 000B3  
          _P25 000A5            _P17 00097            _P34 000B4  
          _P26 000A6            _P35 000B5            _P27 000A7  
          _P36 000B6            _P37 000B7            _IE0 00089  
          _IE1 0008B            _ET0 000A9            _ET1 000AB  
          _EX0 000A8            _EX1 000AA            _DPH 00083  
          _DPL 00082            _IT0 00088            _IT1 0008A  
          _RB8 0009A            u100 00298            u101 00296  
          u110 002AD            u102 00292            u111 002AB  
          u120 002CE            u130 002E9            u131 002E7  
          _TF0 0008D            _TB8 0009B            u140 00304  
          u132 002E3            _TF1 0008F            u141 00301  
          _TH0 0008C            _TH1 0008D            _SM0 0009F  
          _SM1 0009E            _TL0 0008A            _SM2 0009D  
          _PT0 000B9            _TL1 0008B            _PT1 000BB  
          _RS0 000D3            _RS1 000D4            _REN 0009C  
          _PX0 000B8            _PX1 000BA            _TR0 0008C  
          _TR1 0008E            _RXD 000B0            _PSW 000D0  
          _TXD 000B1        _P0_BITS 00080        _P1_BITS 00090  
      _P2_BITS 000A0        _P3_BITS 000B0        _IE_BITS 000A8  
     _ACC_BITS 000E0        _IP_BITS 000B8           f1410 00115  
         f1411 00308           f1412 00000           _ACC0 000E0  
         _ACC1 000E1           _ACC2 000E2           _ACC3 000E3  
         _ACC4 000E4           _ACC5 000E5           _ACC6 000E6  
         _ACC7 000E7  stack_internal 00001           _INT0 000B2  
         _INT1 000B3           _PCON 00087           _SCON 00098  
         _SBUF 00099           _TCON 00088           _TMOD 00089  
         _main 00112       _PSW_BITS 000D0      _PCON_BITS 00087  
    _SCON_BITS 00098      _TCON_BITS 00088        str_copy 00019  
    _TMOD_BITS 00089  
